20:37:06 **** Incremental Build of configuration Debug for project EXTI ****
make -j16 all 
arm-none-eabi-gcc "../Core/Src/main.c" -mcpu=cortex-m3 -std=gnu11 -g3 -DDEBUG -DUSE_HAL_DRIVER -DSTM32F103xB -c -I../Core/Inc -I../Drivers/STM32F1xx_HAL_Driver/Inc -I../Drivers/STM32F1xx_HAL_Driver/Inc/Legacy -I../Drivers/CMSIS/Device/ST/STM32F1xx/Include -I../Drivers/CMSIS/Include -O0 -ffunction-sections -fdata-sections -Wall -fstack-usage -fcyclomatic-complexity -MMD -MP -MF"Core/Src/main.d" -MT"Core/Src/main.o" --specs=nano.specs -mfloat-abi=soft -mthumb -o "Core/Src/main.o"
arm-none-eabi-gcc -o "EXTI.elf" @"objects.list"   -mcpu=cortex-m3 -T"C:\Users\Administrator\Desktop\stmicro\Repository\EXTI\STM32F103RBTX_FLASH.ld" --specs=nosys.specs -Wl,-Map="EXTI.map" -Wl,--gc-sections -static --specs=nano.specs -mfloat-abi=soft -mthumb -Wl,--start-group -lc -lm -Wl,--end-group
Finished building target: EXTI.elf
 
arm-none-eabi-size  EXTI.elf 
arm-none-eabi-objdump -h -S EXTI.elf  > "EXTI.list"
   text	   data	    bss	    dec	    hex	filename
   5608	     12	   1644	   7264	   1c60	EXTI.elf
Finished building: default.size.stdout
 
Finished building: EXTI.list
 

20:37:07 Build Finished. 0 errors, 0 warnings. (took 1s.138ms)

