20:17:58 **** Incremental Build of configuration Debug for project USART_printf ****
make -j16 all 
arm-none-eabi-gcc "../Core/Src/main.c" -mcpu=cortex-m3 -std=gnu11 -g3 -DDEBUG -DUSE_HAL_DRIVER -DSTM32F103xB -c -I../Core/Inc -I../Drivers/STM32F1xx_HAL_Driver/Inc -I../Drivers/STM32F1xx_HAL_Driver/Inc/Legacy -I../Drivers/CMSIS/Device/ST/STM32F1xx/Include -I../Drivers/CMSIS/Include -O0 -ffunction-sections -fdata-sections -Wall -fstack-usage -fcyclomatic-complexity -MMD -MP -MF"Core/Src/main.d" -MT"Core/Src/main.o" --specs=nano.specs -mfloat-abi=soft -mthumb -o "Core/Src/main.o"
arm-none-eabi-gcc -o "USART_printf.elf" @"objects.list"   -mcpu=cortex-m3 -T"C:\Users\Administrator\Desktop\stmicro\Repository\USART_printf\STM32F103RBTX_FLASH.ld" --specs=nosys.specs -Wl,-Map="USART_printf.map" -Wl,--gc-sections -static --specs=nano.specs -mfloat-abi=soft -mthumb -Wl,--start-group -lc -lm -Wl,--end-group
Finished building target: USART_printf.elf
 
arm-none-eabi-size  USART_printf.elf 
arm-none-eabi-objdump -h -S USART_printf.elf  > "USART_printf.list"
   text	   data	    bss	    dec	    hex	filename
   8968	    104	   1976	  11048	   2b28	USART_printf.elf
Finished building: default.size.stdout
 
Finished building: USART_printf.list
 

20:17:59 Build Finished. 0 errors, 0 warnings. (took 1s.120ms)

